two splits: merged: [([1,0],130),([1,1],240),([1,2],50),([2,0],7),([2,1],8),([3,0],9),([4,0],5)]
two splits: hold of merged: (0,[([1,0],130),([1,1],240),([1,2],50),([2,0],7),([2,1],8),([3,0],9),([4,0],5)])
split and defer: merged: [([1,0],140),([1,1],2),([1,2],3),([2,0],5),([3,0],607),([4,0],8)]
split and defer: two defers: [([1,0],409),([2,0],54),([3,0],7),([4,0],8)]
depth first: forward: [([1],[1,2]),([1,0],[10,11]),([1,1],[20,21]),([2],[3]),([2,0],[30,31])]
depth first: rounds: 3
depth first: items (F7 sorted): [([1,0],1),([1,0,0],10),([1,0,1],11),([1,1],2),([1,1,0],20),([1,1,1],21),([2,0],3),([2,0,0],30),([2,0,1],31)]
depth first: items (the text's Split): [([1,0],1),([1,1],2),([1,0,0],10),([1,0,1],11),([1,1,0],20),([1,1,1],21),([2,0],3),([2,0,0],30),([2,0,1],31)]
depth first: merged with a split outside the loop: [([1,0],1007),([1,0,0],10),([1,0,1],11),([1,1],2008),([1,1,0],20),([1,1,1],21),([1,2],9),([2,0],3),([2,0,0],30),([2,0,1],31)]
r7: items: [([1,0],0),([1,0,0],1),([1,0,0,0],2),([1,0,0,0,0],3)]
r7: rounds: 5
nested: merged: [([1,0],102),([1,0,0],1),([1,0,1],2),([1,1],101),([1,1,0],3),([2,0],100),([2,1],101),([2,1,0],4)]
hold in children: seen: [([1,0],50),([1,1],65),([1,2],76),([2,0],87)]
hold in children: steps h: [([1,0],5),([1,1],6),([1,2],7),([2,0],8)]
hold in children: steps (map_cell h (*2)): [([1,0],10),([1,1],12),([1,2],14),([2,0],16)]
hold in children: total: (0,[([1,0],5),([1,1],11),([1,2],18),([2,0],26)])
hold in children: sample h after [1], after [2]: (7,8)
hold in children: sample total after [1], after [2]: (18,26)
two steps: steps h: [([1,0],5),([1,1],6)]
two steps: sample after [1], after [2]: (6,6)
tx zero: current: [([0],3),([1],4)]
tx zero: deferred: [([0,0],30),([1,0],40)]
tx zero: held, direct, seen at [1]: (30,3,33)
tx zero: held, direct, seen after [1]: (40,4,44)
tx zero: split items: [([0,0],1),([0,1],2),([0,2],3),([1,0],4),([1,1],5)]
tx zero: sum, last at [1]: (6,3)
tx zero: sum, last after [1]: (15,5)
countdown: s: [([1],3),([1,0],2),([1,0,0],1),([2],1),([3],2),([3,0],1)]
countdown: rounds: 4
countdown: hold after [1], [2], [3]: (1,1,1)
countdown with no filter, 30 rounds: Nothing
cell loop through defer: count: (0,[([1],1),([1,0],2),([1,0,0],3),([2],0),([2,0],1),([2,0,0],2),([2,0,0,0],3),([3],2),([3,0],3)])
cell loop through defer: rounds: 5
empty list: items: [([2,0],4)]
