== record0003 Full (2 evaluations)
  max_health initial 100; steps [1] 200
  shield     initial 30; steps [1] 0
  took       [1] -20
  delta      [1] 80
  health     initial 60; steps [1] 100
  fraction   initial 0.6; steps [1] 0.5
  effective  initial 90; steps [1] 100
== longRun Full (3 evaluations)
  max_health initial 100; steps [2] 200 [4] 250
  shield     initial 30; steps [1] 20 [2] 0 [3] 0 [6] 0
  took       [1] 0 [2] -30 [3] -30 [6] -300
  delta      [1] 0 [2] 70 [3] -30 [4] 500 [5] 100 [6] -300 [7] 40
  health     initial 60; steps [1] 60 [2] 100 [3] 70 [4] 200 [5] 250 [6] 0 [7] 40
  fraction   initial 0.6; steps [1] 0.6 [2] 0.5 [3] 0.35 [4] 0.8 [5] 1.0 [6] 0.0 [7] 0.16
  effective  initial 90; steps [1] 80 [2] 100 [3] 70 [4] 200 [5] 250 [6] 0 [7] 40
== longRun ReadsForward (3 evaluations)
  max_health initial 100; steps [2] 200 [4] 250
  shield     initial 30; steps [1] 20 [2] 0 [3] 0 [6] 0
  took       [1] 0 [2] -30 [3] -30 [6] -300
  delta      [1] 0 [2] 70 [3] -30 [4] 500 [5] 100 [6] -300 [7] 40
  health     initial 60; steps [1] 60 [2] 100 [3] 70 [4] 200 [5] 250 [6] 0 [7] 40
  fraction   initial 0.6; steps [1] 0.6 [2] 0.5 [3] 0.35 [4] 0.8 [5] 1.0 [6] 0.0 [7] 0.16
  effective  initial 90; steps [1] 80 [2] 100 [3] 70 [4] 200 [5] 250 [6] 0 [7] 40
== record0003 ReadsForward (2 evaluations)
  max_health initial 100; steps [1] 200
  shield     initial 30; steps [1] 0
  took       [1] -20
  delta      [1] 80
  health     initial 60; steps [1] 100
  fraction   initial 0.6; steps [1] 0.5
  effective  initial 90; steps [1] 100
== edgeRun Full (4 evaluations)
  max_health initial 100; steps [2] 110 [3] 110 [4] 115
  shield     initial 30; steps [2] 0 [3] 0
  took       [2] 0 [3] -5
  delta      [1] 40 [2] 0 [3] 995
  health     initial 60; steps [1] 100 [2] 100 [3] 110
  fraction   initial 0.6; steps [1] 1.0 [2] 0.9090909090909091 [3] 1.0 [4] 0.9565217391304348
  effective  initial 90; steps [1] 130 [2] 100 [3] 110
== edgeRun ReadsForward (4 evaluations)
  max_health initial 100; steps [2] 110 [3] 110 [4] 115
  shield     initial 30; steps [2] 0 [3] 0
  took       [2] 0 [3] -5
  delta      [1] 40 [2] 0 [3] 995
  health     initial 60; steps [1] 100 [2] 100 [3] 110
  fraction   initial 0.6; steps [1] 1.0 [2] 0.9090909090909091 [3] 1.0 [4] 0.9565217391304348
  effective  initial 90; steps [1] 130 [2] 100 [3] 110
== longRun NoMaxRead (7 evaluations)
  max_health initial 100; steps [2] 200 [4] 250
  shield     initial 30; steps [1] 20 [2] 0 [3] 0 [6] 0
  took       [1] 0 [2] -30 [3] -30 [6] -300
  delta      [1] 0 [2] 70 [3] -30 [4] 500 [5] 100 [6] -300 [7] 40
  health     initial 60; steps [1] 60 [2] 130 [3] 100 [4] 600 [5] 700 [6] 400 [7] 440
  fraction   initial 0.6; steps [1] 0.6 [2] 0.65 [3] 0.5 [4] 2.4 [5] 2.8 [6] 1.6 [7] 1.76
  effective  initial 90; steps [1] 80 [2] 130 [3] 100 [4] 600 [5] 700 [6] 400 [7] 440
== longRun NoMerge (3 evaluations)
  max_health initial 100; steps [2] 200 [4] 250
  shield     initial 30; steps [1] 20 [2] 0 [3] 0 [6] 0
  took       [1] 0 [2] -30 [3] -30 [6] -300
  delta      [1] 0 [2] -30 [3] -30 [6] -300
  health     initial 60; steps [1] 60 [2] 30 [3] 0 [6] 0
  fraction   initial 0.6; steps [1] 0.6 [2] 0.15 [3] 0.0 [4] 0.0 [6] 0.0
  effective  initial 90; steps [1] 80 [2] 30 [3] 0 [6] 0
== longRun OnlyWhenChanged (3 evaluations)
  max_health initial 100; steps [2] 200 [4] 250
  shield     initial 30; steps [1] 20 [2] 0 [3] 0 [6] 0
  took       [1] 0 [2] -30 [3] -30 [6] -300
  delta      [1] 0 [2] 70 [3] -30 [4] 500 [5] 100 [6] -300 [7] 40
  health     initial 60; steps [2] 100 [3] 70 [4] 200 [5] 250 [6] 0 [7] 40
  fraction   initial 0.6; steps [2] 0.5 [3] 0.35 [4] 0.8 [5] 1.0 [6] 0.0 [7] 0.16
  effective  initial 90; steps [1] 80 [2] 100 [3] 70 [4] 200 [5] 250 [6] 0 [7] 40
== record0003 NoMaxRead (2 evaluations)
  max_health initial 100; steps [1] 200
  shield     initial 30; steps [1] 0
  took       [1] -20
  delta      [1] 80
  health     initial 60; steps [1] 140
  fraction   initial 0.6; steps [1] 0.7
  effective  initial 90; steps [1] 140
== record0003 NoMerge (2 evaluations)
  max_health initial 100; steps [1] 200
  shield     initial 30; steps [1] 0
  took       [1] -20
  delta      [1] -20
  health     initial 60; steps [1] 40
  fraction   initial 0.6; steps [1] 0.2
  effective  initial 90; steps [1] 40
== two sinks, shield looped True (2 evaluations)
  shield     initial 30; steps [1] 0
  health     initial 60; steps [1] 140
  effective  initial 90; steps [1] 140
== two sinks, shield looped False (2 evaluations)
  shield     initial 30; steps [1] 0
  health     initial 60; steps [1] 140
  effective  initial 90; steps [1] 140
== two sinks, shield looped True (7 evaluations)
  shield     initial 30; steps [1] 20 [2] 0 [3] 0 [6] 0
  health     initial 60; steps [1] 60 [2] 130 [3] 100 [4] 600 [5] 700 [6] 400 [7] 440
  effective  initial 90; steps [1] 80 [2] 130 [3] 100 [4] 600 [5] 700 [6] 400 [7] 440
== two sinks, shield looped False (7 evaluations)
  shield     initial 30; steps [1] 20 [2] 0 [3] 0 [6] 0
  health     initial 60; steps [1] 60 [2] 130 [3] 100 [4] 600 [5] 700 [6] 400 [7] 440
  effective  initial 90; steps [1] 80 [2] 130 [3] 100 [4] 600 [5] 700 [6] 400 [7] 440
